src/components/AlertBanner.tsx(16,36): error TS2339: Property 'spacing' does not exist on type 'DefaultTheme'.
src/components/AlertBanner.tsx(16,71): error TS2339: Property 'spacing' does not exist on type 'DefaultTheme'.
src/components/AlertBanner.tsx(17,35): error TS2339: Property 'spacing' does not exist on type 'DefaultTheme'.
src/components/AlertBanner.tsx(18,41): error TS2339: Property 'radius' does not exist on type 'DefaultTheme'.
src/components/AlertBanner.tsx(21,31): error TS2339: Property 'spacing' does not exist on type 'DefaultTheme'.
src/components/AlertBanner.tsx(31,20): error TS2339: Property 'colors' does not exist on type 'DefaultTheme'.
src/components/AlertBanner.tsx(36,20): error TS2339: Property 'colors' does not exist on type 'DefaultTheme'.
src/components/Button.tsx(10,66): error TS2339: Property 'radius' does not exist on type 'DefaultTheme'.
src/components/Button.tsx(10,84): error TS2339: Property 'radius' does not exist on type 'DefaultTheme'.
src/components/Button.tsx(15,42): error TS2339: Property 'transition' does not exist on type 'DefaultTheme'.
src/components/Button.tsx(24,20): error TS2339: Property 'text' does not exist on type 'DefaultTheme'.
src/components/Button.tsx(29,22): error TS2339: Property 'text' does not exist on type 'DefaultTheme'.
src/components/Button.tsx(33,49): error TS2339: Property 'accent' does not exist on type 'DefaultTheme'.
src/components/Button.tsx(35,36): error TS2339: Property 'accentGlow' does not exist on type 'DefaultTheme'.
src/components/Button.tsx(39,38): error TS2339: Property 'accentGlow' does not exist on type 'DefaultTheme'.
src/components/Card.tsx(4,38): error TS2339: Property 'bg' does not exist on type 'DefaultTheme'.
src/components/Card.tsx(6,41): error TS2339: Property 'radius' does not exist on type 'DefaultTheme'.
src/components/Card.tsx(7,35): error TS2339: Property 'spacing' does not exist on type 'DefaultTheme'.
src/components/Card.tsx(9,48): error TS2339: Property 'transition' does not exist on type 'DefaultTheme'.
src/components/Card.tsx(9,102): error TS2339: Property 'transition' does not exist on type 'DefaultTheme'.
src/components/Card.tsx(13,40): error TS2339: Property 'shadow' does not exist on type 'DefaultTheme'.
src/components/ChipGroup.tsx(18,31): error TS2339: Property 'spacing' does not exist on type 'DefaultTheme'.
src/components/ChipGroup.tsx(30,41): error TS2339: Property 'radius' does not exist on type 'DefaultTheme'.
src/components/ChipGroup.tsx(31,60): error TS2339: Property 'accentGlow' does not exist on type 'DefaultTheme'.
src/components/ChipGroup.tsx(32,66): error TS2339: Property 'accent' does not exist on type 'DefaultTheme'.
src/components/ChipGroup.tsx(35,55): error TS2339: Property 'accent' does not exist on type 'DefaultTheme'.
src/components/ChipGroup.tsx(35,70): error TS2339: Property 'text' does not exist on type 'DefaultTheme'.
src/components/ChipGroup.tsx(37,42): error TS2339: Property 'transition' does not exist on type 'DefaultTheme'.
src/components/Footer.tsx(35,42): error TS2339: Property 'transition' does not exist on type 'DefaultTheme'.
src/components/Footer.tsx(39,53): error TS2339: Property 'accent' does not exist on type 'DefaultTheme'.
src/components/Footer.tsx(39,68): error TS2339: Property 'text' does not exist on type 'DefaultTheme'.
src/components/Footer.tsx(43,35): error TS2339: Property 'text' does not exist on type 'DefaultTheme'.
src/components/Footer.tsx(57,63): error TS2339: Property 'accent' does not exist on type 'DefaultTheme'.
src/components/Footer.tsx(58,34): error TS2339: Property 'radius' does not exist on type 'DefaultTheme'.
src/components/Footer.tsx(58,55): error TS2339: Property 'radius' does not exist on type 'DefaultTheme'.
src/components/GaugeCircle.tsx(47,32): error TS2339: Property 'text' does not exist on type 'DefaultTheme'.
src/components/GaugeCircle.tsx(54,32): error TS2339: Property 'text' does not exist on type 'DefaultTheme'.
src/components/GaugeCircle.tsx(59,33): error TS2339: Property 'text' does not exist on type 'DefaultTheme'.
src/components/Header.tsx(18,35): error TS2339: Property 'spacing' does not exist on type 'DefaultTheme'.
src/components/Header.tsx(18,70): error TS2339: Property 'spacing' does not exist on type 'DefaultTheme'.
src/components/Header.tsx(19,44): error TS2339: Property 'spacing' does not exist on type 'DefaultTheme'.
src/components/Header.tsx(21,38): error TS2339: Property 'bg' does not exist on type 'DefaultTheme'.
src/components/Header.tsx(27,31): error TS2339: Property 'spacing' does not exist on type 'DefaultTheme'.
src/components/Header.tsx(33,62): error TS2339: Property 'accent' does not exist on type 'DefaultTheme'.
src/components/Header.tsx(34,41): error TS2339: Property 'radius' does not exist on type 'DefaultTheme'.
src/components/Header.tsx(39,47): error TS2339: Property 'accentGlow' does not exist on type 'DefaultTheme'.
src/components/Header.tsx(46,33): error TS2339: Property 'text' does not exist on type 'DefaultTheme'.
src/components/Header.tsx(49,35): error TS2339: Property 'accent' does not exist on type 'DefaultTheme'.
src/components/Header.tsx(58,33): error TS2339: Property 'text' does not exist on type 'DefaultTheme'.
src/components/Header.tsx(62,41): error TS2339: Property 'radius' does not exist on type 'DefaultTheme'.
src/components/Header.tsx(64,49): error TS2339: Property 'transition' does not exist on type 'DefaultTheme'.
src/components/Header.tsx(88,38): error TS2339: Property 'bg' does not exist on type 'DefaultTheme'.
src/components/Header.tsx(90,41): error TS2339: Property 'radius' does not exist on type 'DefaultTheme'.
src/components/Header.tsx(111,53): error TS2339: Property 'accent' does not exist on type 'DefaultTheme'.
src/components/Header.tsx(111,68): error TS2339: Property 'text' does not exist on type 'DefaultTheme'.
src/components/Header.tsx(122,35): error TS2339: Property 'accent' does not exist on type 'DefaultTheme'.
src/components/Header.tsx(131,3): error TS6133: 'onAlarmClick' is declared but its value is never read.
src/components/Header.tsx(132,3): error TS6133: 'onSettingsClick' is declared but its value is never read.
src/components/LevelBadge.tsx(20,41): error TS2339: Property 'radius' does not exist on type 'DefaultTheme'.
src/components/LevelBadge.tsx(27,66): error TS2339: Property 'colors' does not exist on type 'DefaultTheme'.
src/components/LevelBadge.tsx(29,66): error TS2339: Property 'colors' does not exist on type 'DefaultTheme'.
src/components/LevelBadge.tsx(31,66): error TS2339: Property 'colors' does not exist on type 'DefaultTheme'.
src/components/LevelBadge.tsx(33,65): error TS2339: Property 'colors' does not exist on type 'DefaultTheme'.
src/components/LevelBadge.tsx(43,52): error TS2339: Property 'colors' does not exist on type 'DefaultTheme'.
src/components/MascotCharacter.tsx(19,34): error TS2339: Property 'spacing' does not exist on type 'DefaultTheme'.
src/components/MascotCharacter.tsx(30,44): error TS2339: Property 'bg' does not exist on type 'DefaultTheme'.
src/components/MascotCharacter.tsx(34,38): error TS2339: Property 'spacing' does not exist on type 'DefaultTheme'.
src/components/MascotCharacter.tsx(38,41): error TS2339: Property 'radius' does not exist on type 'DefaultTheme'.
src/components/MascotCharacter.tsx(41,33): error TS2339: Property 'text' does not exist on type 'DefaultTheme'.
src/components/MascotCharacter.tsx(43,38): error TS2339: Property 'shadow' does not exist on type 'DefaultTheme'.
src/components/ToggleSwitch.tsx(13,54): error TS2339: Property 'accent' does not exist on type 'DefaultTheme'.
src/components/ToggleSwitch.tsx(14,41): error TS2339: Property 'radius' does not exist on type 'DefaultTheme'.
src/components/ToggleSwitch.tsx(16,49): error TS2339: Property 'transition' does not exist on type 'DefaultTheme'.
src/components/ToggleSwitch.tsx(28,50): error TS2339: Property 'transition' does not exist on type 'DefaultTheme'.
src/pages/FacilitiesPage.tsx(6,1): error TS6133: 'Button' is declared but its value is never read.
src/pages/FacilitiesPage.tsx(26,35): error TS2339: Property 'spacing' does not exist on type 'DefaultTheme'.
src/pages/FacilitiesPage.tsx(27,39): error TS2339: Property 'spacing' does not exist on type 'DefaultTheme'.
src/pages/FacilitiesPage.tsx(36,35): error TS2339: Property 'text' does not exist on type 'DefaultTheme'.
src/pages/FacilitiesPage.tsx(56,41): error TS2339: Property 'radius' does not exist on type 'DefaultTheme'.
src/pages/FacilitiesPage.tsx(57,64): error TS2339: Property 'accent' does not exist on type 'DefaultTheme'.
src/pages/FacilitiesPage.tsx(58,58): error TS2339: Property 'accent' does not exist on type 'DefaultTheme'.
src/pages/FacilitiesPage.tsx(59,65): error TS2339: Property 'text' does not exist on type 'DefaultTheme'.
src/pages/FacilitiesPage.tsx(67,42): error TS2339: Property 'accent' does not exist on type 'DefaultTheme'.
src/pages/FacilitiesPage.tsx(68,67): error TS2339: Property 'accent' does not exist on type 'DefaultTheme'.
src/pages/FacilitiesPage.tsx(105,41): error TS2339: Property 'radius' does not exist on type 'DefaultTheme'.
src/pages/FacilitiesPage.tsx(132,33): error TS2339: Property 'text' does not exist on type 'DefaultTheme'.
src/pages/FacilitiesPage.tsx(143,33): error TS2339: Property 'accent' does not exist on type 'DefaultTheme'.
src/pages/FacilitiesPage.tsx(149,33): error TS2339: Property 'accent' does not exist on type 'DefaultTheme'.
src/pages/FacilitiesPage.tsx(174,33): error TS2339: Property 'text' does not exist on type 'DefaultTheme'.
src/pages/FacilitiesPage.tsx(183,35): error TS2339: Property 'text' does not exist on type 'DefaultTheme'.
src/pages/FacilitiesPage.tsx(189,35): error TS2339: Property 'text' does not exist on type 'DefaultTheme'.
src/pages/FacilitiesPage.tsx(204,41): error TS2339: Property 'radius' does not exist on type 'DefaultTheme'.
src/pages/FacilitiesPage.tsx(205,33): error TS2339: Property 'text' does not exist on type 'DefaultTheme'.
src/pages/FacilitiesPage.tsx(218,42): error TS2339: Property 'accent' does not exist on type 'DefaultTheme'.
src/pages/FacilitiesPage.tsx(219,35): error TS2339: Property 'accent' does not exist on type 'DefaultTheme'.
src/pages/FacilitiesPage.tsx(225,3): error TS6133: 'onNavigate' is declared but its value is never read.
src/pages/GuidePage.tsx(12,35): error TS2339: Property 'spacing' does not exist on type 'DefaultTheme'.
src/pages/GuidePage.tsx(13,39): error TS2339: Property 'spacing' does not exist on type 'DefaultTheme'.
src/pages/GuidePage.tsx(22,35): error TS2339: Property 'text' does not exist on type 'DefaultTheme'.
src/pages/GuidePage.tsx(29,31): error TS2339: Property 'spacing' does not exist on type 'DefaultTheme'.
src/pages/GuidePage.tsx(30,35): error TS2339: Property 'spacing' does not exist on type 'DefaultTheme'.
src/pages/GuidePage.tsx(30,70): error TS2339: Property 'spacing' does not exist on type 'DefaultTheme'.
src/pages/GuidePage.tsx(42,41): error TS2339: Property 'radius' does not exist on type 'DefaultTheme'.
src/pages/GuidePage.tsx(44,33): error TS2339: Property 'text' does not exist on type 'DefaultTheme'.
src/pages/GuidePage.tsx(49,42): error TS2339: Property 'transition' does not exist on type 'DefaultTheme'.
src/pages/GuidePage.tsx(58,33): error TS2339: Property 'colors' does not exist on type 'DefaultTheme'.
src/pages/GuidePage.tsx(59,26): error TS2339: Property 'colors' does not exist on type 'DefaultTheme'.
src/pages/GuidePage.tsx(64,33): error TS2339: Property 'colors' does not exist on type 'DefaultTheme'.
src/pages/GuidePage.tsx(65,26): error TS2339: Property 'colors' does not exist on type 'DefaultTheme'.
src/pages/GuidePage.tsx(70,33): error TS2339: Property 'colors' does not exist on type 'DefaultTheme'.
src/pages/GuidePage.tsx(71,26): error TS2339: Property 'colors' does not exist on type 'DefaultTheme'.
src/pages/GuidePage.tsx(76,33): error TS2339: Property 'colors' does not exist on type 'DefaultTheme'.
src/pages/GuidePage.tsx(77,26): error TS2339: Property 'colors' does not exist on type 'DefaultTheme'.
src/pages/GuidePage.tsx(92,31): error TS2339: Property 'spacing' does not exist on type 'DefaultTheme'.
src/pages/GuidePage.tsx(93,35): error TS2339: Property 'spacing' does not exist on type 'DefaultTheme'.
src/pages/GuidePage.tsx(93,70): error TS2339: Property 'spacing' does not exist on type 'DefaultTheme'.
src/pages/GuidePage.tsx(95,36): error TS2339: Property 'spacing' does not exist on type 'DefaultTheme'.
src/pages/GuidePage.tsx(96,38): error TS2339: Property 'bg' does not exist on type 'DefaultTheme'.
src/pages/GuidePage.tsx(97,41): error TS2339: Property 'radius' does not exist on type 'DefaultTheme'.
src/pages/GuidePage.tsx(103,41): error TS2339: Property 'radius' does not exist on type 'DefaultTheme'.
src/pages/GuidePage.tsx(116,33): error TS2339: Property 'text' does not exist on type 'DefaultTheme'.
src/pages/GuidePage.tsx(121,33): error TS2339: Property 'text' does not exist on type 'DefaultTheme'.
src/pages/HomePage.tsx(7,1): error TS6133: 'Button' is declared but its value is never read.
src/pages/HomePage.tsx(9,1): error TS6133: 'GaugeCircle' is declared but its value is never read.
src/pages/HomePage.tsx(10,1): error TS6133: 'MascotCharacter' is declared but its value is never read.
src/pages/HomePage.tsx(24,7): error TS6133: 'getLevelFromPM10' is declared but its value is never read.
src/pages/HomePage.tsx(37,35): error TS2339: Property 'spacing' does not exist on type 'DefaultTheme'.
src/pages/HomePage.tsx(37,70): error TS2339: Property 'spacing' does not exist on type 'DefaultTheme'.
src/pages/HomePage.tsx(45,33): error TS2339: Property 'text' does not exist on type 'DefaultTheme'.
src/pages/HomePage.tsx(51,33): error TS2339: Property 'text' does not exist on type 'DefaultTheme'.
src/pages/HomePage.tsx(54,35): error TS2339: Property 'accent' does not exist on type 'DefaultTheme'.
src/pages/HomePage.tsx(59,7): error TS6133: 'GaugeWrap' is declared but its value is never read.
src/pages/HomePage.tsx(61,31): error TS2339: Property 'spacing' does not exist on type 'DefaultTheme'.
src/pages/HomePage.tsx(63,34): error TS2339: Property 'spacing' does not exist on type 'DefaultTheme'.
src/pages/HomePage.tsx(66,7): error TS6133: 'StatRow' is declared but its value is never read.
src/pages/HomePage.tsx(69,35): error TS2339: Property 'spacing' does not exist on type 'DefaultTheme'.
src/pages/HomePage.tsx(70,31): error TS2339: Property 'spacing' does not exist on type 'DefaultTheme'.
src/pages/HomePage.tsx(74,7): error TS6133: 'StatItem' is declared but its value is never read.
src/pages/HomePage.tsx(81,7): error TS6133: 'StatNum' is declared but its value is never read.
src/pages/HomePage.tsx(87,7): error TS6133: 'StatDesc' is declared but its value is never read.
src/pages/HomePage.tsx(89,33): error TS2339: Property 'text' does not exist on type 'DefaultTheme'.
src/pages/HomePage.tsx(93,7): error TS6133: 'RiskSummaryCard' is declared but its value is never read.
src/pages/HomePage.tsx(100,7): error TS6133: 'GuideSummaryText' is declared but its value is never read.
src/pages/HomePage.tsx(103,33): error TS2339: Property 'text' does not exist on type 'DefaultTheme'.
src/pages/HomePage.tsx(104,41): error TS2339: Property 'spacing' does not exist on type 'DefaultTheme'.
src/pages/HomePage.tsx(110,33): error TS2339: Property 'text' does not exist on type 'DefaultTheme'.
src/pages/HomePage.tsx(113,41): error TS2339: Property 'spacing' does not exist on type 'DefaultTheme'.
src/pages/HomePage.tsx(116,7): error TS6133: 'RiskLabel' is declared but its value is never read.
src/pages/HomePage.tsx(122,7): error TS6133: 'CardTitleRow' is declared but its value is never read.
src/pages/HomePage.tsx(126,41): error TS2339: Property 'spacing' does not exist on type 'DefaultTheme'.
src/pages/HomePage.tsx(129,7): error TS6133: 'WeatherSummaryText' is declared but its value is never read.
src/pages/HomePage.tsx(132,33): error TS2339: Property 'text' does not exist on type 'DefaultTheme'.
src/pages/HomePage.tsx(136,7): error TS6133: 'WeatherGrid' is declared but its value is never read.
src/pages/HomePage.tsx(139,39): error TS2339: Property 'spacing' does not exist on type 'DefaultTheme'.
src/pages/HomePage.tsx(143,7): error TS6133: 'WeatherItem' is declared but its value is never read.
src/pages/HomePage.tsx(149,7): error TS6133: 'WeatherIcon' is declared but its value is never read.
src/pages/HomePage.tsx(153,7): error TS6133: 'WeatherVal' is declared but its value is never read.
src/pages/HomePage.tsx(156,33): error TS2339: Property 'text' does not exist on type 'DefaultTheme'.
src/pages/HomePage.tsx(159,7): error TS6133: 'WeatherLbl' is declared but its value is never read.
src/pages/HomePage.tsx(161,33): error TS2339: Property 'text' does not exist on type 'DefaultTheme'.
src/pages/HomePage.tsx(165,7): error TS6133: 'BadgeRecommend' is declared but its value is never read.
src/pages/HomePage.tsx(169,41): error TS2339: Property 'radius' does not exist on type 'DefaultTheme'.
src/pages/HomePage.tsx(171,33): error TS2339: Property 'accent' does not exist on type 'DefaultTheme'.
src/pages/HomePage.tsx(175,7): error TS6133: 'ForecastChart' is declared but its value is never read.
src/pages/HomePage.tsx(181,7): error TS6133: 'ForecastBarItem' is declared but its value is never read.
src/pages/HomePage.tsx(188,7): error TS6133: 'ForecastTime' is declared but its value is never read.
src/pages/HomePage.tsx(192,33): error TS2339: Property 'text' does not exist on type 'DefaultTheme'.
src/pages/HomePage.tsx(195,7): error TS6133: 'BarContainer' is declared but its value is never read.
src/pages/HomePage.tsx(198,41): error TS2339: Property 'radius' does not exist on type 'DefaultTheme'.
src/pages/HomePage.tsx(203,7): error TS6133: 'BarFill' is declared but its value is never read.
src/pages/HomePage.tsx(205,41): error TS2339: Property 'radius' does not exist on type 'DefaultTheme'.
src/pages/HomePage.tsx(211,7): error TS6133: 'ForecastVal' is declared but its value is never read.
src/pages/HomePage.tsx(216,33): error TS2339: Property 'text' does not exist on type 'DefaultTheme'.
src/pages/HomePage.tsx(220,7): error TS6133: 'MapViewContainer' is declared but its value is never read.
src/pages/HomePage.tsx(224,41): error TS2339: Property 'radius' does not exist on type 'DefaultTheme'.
src/pages/HomePage.tsx(229,7): error TS6133: 'MapNode' is declared but its value is never read.
src/pages/HomePage.tsx(237,41): error TS2339: Property 'radius' does not exist on type 'DefaultTheme'.
src/pages/HomePage.tsx(245,7): error TS6133: 'MapLegend' is declared but its value is never read.
src/pages/HomePage.tsx(247,31): error TS2339: Property 'spacing' does not exist on type 'DefaultTheme'.
src/pages/HomePage.tsx(249,38): error TS2339: Property 'spacing' does not exist on type 'DefaultTheme'.
src/pages/HomePage.tsx(251,33): error TS2339: Property 'text' does not exist on type 'DefaultTheme'.
src/pages/HomePage.tsx(254,7): error TS6133: 'LegendDot' is declared but its value is never read.
src/pages/HomePage.tsx(393,7): error TS6133: 'GuideRowItem' is declared but its value is never read.
src/pages/HomePage.tsx(406,76): error TS2339: Property 'text' does not exist on type 'DefaultTheme'.
src/pages/HomePage.tsx(414,38): error TS2339: Property 'spacing' does not exist on type 'DefaultTheme'.
src/pages/HomePage.tsx(427,33): error TS2339: Property 'text' does not exist on type 'DefaultTheme'.
src/pages/HomePage.tsx(472,33): error TS2339: Property 'text' does not exist on type 'DefaultTheme'.
src/pages/HomePage.tsx(548,33): error TS2339: Property 'text' does not exist on type 'DefaultTheme'.
src/pages/HomePage.tsx(580,33): error TS2339: Property 'text' does not exist on type 'DefaultTheme'.
src/pages/HomePage.tsx(605,33): error TS2339: Property 'text' does not exist on type 'DefaultTheme'.
src/pages/HomePage.tsx(615,33): error TS2339: Property 'text' does not exist on type 'DefaultTheme'.
src/pages/HomePage.tsx(624,3): error TS6133: 'onNavigate' is declared but its value is never read.
src/pages/HomePage.tsx(630,9): error TS2451: Cannot redeclare block-scoped variable 'now'.
src/pages/HomePage.tsx(631,9): error TS2451: Cannot redeclare block-scoped variable 'dateStr'.
src/pages/HomePage.tsx(634,9): error TS2451: Cannot redeclare block-scoped variable 'timeStr'.
src/pages/HomePage.tsx(636,9): error TS2451: Cannot redeclare block-scoped variable 'todayStr'.
src/pages/HomePage.tsx(637,9): error TS2451: Cannot redeclare block-scoped variable 'activeAlarms'.
src/pages/HomePage.tsx(638,9): error TS2451: Cannot redeclare block-scoped variable 'isAlarmActive'.
src/pages/HomePage.tsx(639,9): error TS2451: Cannot redeclare block-scoped variable 'alarmGbn'.
src/pages/HomePage.tsx(640,9): error TS2451: Cannot redeclare block-scoped variable 'alertText'.
src/pages/HomePage.tsx(642,9): error TS2451: Cannot redeclare block-scoped variable 'summaries'.
src/pages/HomePage.tsx(843,53): error TS2304: Cannot find name 'daySymptomsMap'.
src/pages/HomePage.tsx(851,9): error TS2451: Cannot redeclare block-scoped variable 'now'.
src/pages/HomePage.tsx(852,9): error TS2451: Cannot redeclare block-scoped variable 'dateStr'.
src/pages/HomePage.tsx(858,9): error TS2451: Cannot redeclare block-scoped variable 'timeStr'.
src/pages/HomePage.tsx(861,9): error TS2451: Cannot redeclare block-scoped variable 'todayStr'.
src/pages/HomePage.tsx(862,9): error TS2451: Cannot redeclare block-scoped variable 'activeAlarms'.
src/pages/HomePage.tsx(863,9): error TS2451: Cannot redeclare block-scoped variable 'isAlarmActive'.
src/pages/HomePage.tsx(864,9): error TS2451: Cannot redeclare block-scoped variable 'alarmGbn'.
src/pages/HomePage.tsx(865,9): error TS2451: Cannot redeclare block-scoped variable 'alertText'.
src/pages/HomePage.tsx(867,9): error TS2451: Cannot redeclare block-scoped variable 'summaries'.
src/pages/HomePage.tsx(874,9): error TS6133: 'risk' is declared but its value is never read.
src/pages/HomePage.tsx(883,9): error TS6133: 'weather' is declared but its value is never read.
src/pages/HomePage.tsx(892,9): error TS6133: 'maxForecastVal' is declared but its value is never read.
src/pages/HomePage.tsx(893,9): error TS6133: 'bestForecast' is declared but its value is never read.
src/pages/HomePage.tsx(897,9): error TS6133: 'mapNodes' is declared but its value is never read.
src/pages/HomePage.tsx(982,14): error TS2304: Cannot find name 'days'.
src/pages/HomePage.tsx(982,24): error TS7006: Parameter 'day' implicitly has an 'any' type.
src/pages/HomePage.tsx(982,29): error TS7006: Parameter 'idx' implicitly has an 'any' type.
src/pages/HomePage.tsx(985,39): error TS2304: Cannot find name 'mockLevels'.
src/pages/HomePage.tsx(987,20): error TS2304: Cannot find name 'daySymptomsMap'.
src/pages/HomePage.tsx(987,45): error TS7006: Parameter 's' implicitly has an 'any' type.
src/pages/HomePage.tsx(987,48): error TS7006: Parameter 'si' implicitly has an 'any' type.
src/pages/HomePage.tsx(994,12): error TS2304: Cannot find name 'WeekLegend'.
src/pages/HomePage.tsx(998,13): error TS2304: Cannot find name 'WeekLegend'.
src/pages/MyHealthPage.tsx(35,41): error TS2339: Property 'radius' does not exist on type 'DefaultTheme'.
src/pages/MyHealthPage.tsx(45,53): error TS2339: Property 'accent' does not exist on type 'DefaultTheme'.
src/pages/MyHealthPage.tsx(45,68): error TS2339: Property 'text' does not exist on type 'DefaultTheme'.
src/pages/MyHealthPage.tsx(48,46): error TS2339: Property 'radius' does not exist on type 'DefaultTheme'.
src/pages/MyHealthPage.tsx(55,35): error TS2339: Property 'accent' does not exist on type 'DefaultTheme'.
src/pages/ProfilePage.tsx(16,35): error TS2339: Property 'spacing' does not exist on type 'DefaultTheme'.
src/pages/ProfilePage.tsx(20,39): error TS2339: Property 'spacing' does not exist on type 'DefaultTheme'.
src/pages/ProfilePage.tsx(25,35): error TS2339: Property 'text' does not exist on type 'DefaultTheme'.
src/pages/ProfilePage.tsx(30,35): error TS2339: Property 'text' does not exist on type 'DefaultTheme'.
src/pages/ProfilePage.tsx(38,31): error TS2339: Property 'spacing' does not exist on type 'DefaultTheme'.
src/pages/ProfilePage.tsx(39,41): error TS2339: Property 'spacing' does not exist on type 'DefaultTheme'.
src/pages/ProfilePage.tsx(45,33): error TS2339: Property 'text' does not exist on type 'DefaultTheme'.
src/pages/ProfilePage.tsx(51,41): error TS2339: Property 'radius' does not exist on type 'DefaultTheme'.
src/pages/ProfilePage.tsx(52,33): error TS2339: Property 'text' does not exist on type 'DefaultTheme'.
src/pages/ProfilePage.tsx(56,51): error TS2339: Property 'transition' does not exist on type 'DefaultTheme'.
src/pages/ProfilePage.tsx(56,103): error TS2339: Property 'transition' does not exist on type 'DefaultTheme'.
src/pages/ProfilePage.tsx(62,42): error TS2339: Property 'accent' does not exist on type 'DefaultTheme'.
src/pages/ProfilePage.tsx(63,50): error TS2339: Property 'accentGlow' does not exist on type 'DefaultTheme'.
src/pages/ProfilePage.tsx(68,35): error TS2339: Property 'text' does not exist on type 'DefaultTheme'.
src/pages/ProfilePage.tsx(75,31): error TS2339: Property 'spacing' does not exist on type 'DefaultTheme'.
src/pages/ProfilePage.tsx(83,33): error TS2339: Property 'accent' does not exist on type 'DefaultTheme'.
src/pages/ProfilePage.tsx(98,41): error TS2339: Property 'radius' does not exist on type 'DefaultTheme'.
src/pages/ProfilePage.tsx(99,33): error TS2339: Property 'text' does not exist on type 'DefaultTheme'.
src/pages/ProfilePage.tsx(107,42): error TS2339: Property 'accent' does not exist on type 'DefaultTheme'.
src/pages/ProfilePage.tsx(108,50): error TS2339: Property 'accentGlow' does not exist on type 'DefaultTheme'.
src/pages/RecordPage.tsx(16,35): error TS2339: Property 'spacing' does not exist on type 'DefaultTheme'.
src/pages/RecordPage.tsx(17,39): error TS2339: Property 'spacing' does not exist on type 'DefaultTheme'.
src/pages/RecordPage.tsx(26,35): error TS2339: Property 'text' does not exist on type 'DefaultTheme'.
src/pages/RecordPage.tsx(34,33): error TS2339: Property 'text' does not exist on type 'DefaultTheme'.
src/pages/RecordPage.tsx(37,41): error TS2339: Property 'spacing' does not exist on type 'DefaultTheme'.
src/pages/RecordPage.tsx(43,31): error TS2339: Property 'spacing' does not exist on type 'DefaultTheme'.
src/pages/RecordPage.tsx(44,41): error TS2339: Property 'spacing' does not exist on type 'DefaultTheme'.
src/pages/RecordPage.tsx(50,33): error TS2339: Property 'text' does not exist on type 'DefaultTheme'.
src/pages/RecordPage.tsx(56,31): error TS2339: Property 'spacing' does not exist on type 'DefaultTheme'.
src/pages/RecordPage.tsx(64,33): error TS2339: Property 'accent' does not exist on type 'DefaultTheme'.
src/pages/RecordPage.tsx(72,35): error TS2339: Property 'spacing' does not exist on type 'DefaultTheme'.
src/pages/RecordPage.tsx(73,33): error TS2339: Property 'text' does not exist on type 'DefaultTheme'.
src/pages/RecordPage.tsx(74,31): error TS2339: Property 'spacing' does not exist on type 'DefaultTheme'.
src/pages/RecordPage.tsx(89,35): error TS2339: Property 'spacing' does not exist on type 'DefaultTheme'.
src/pages/RecordPage.tsx(90,41): error TS2339: Property 'spacing' does not exist on type 'DefaultTheme'.
src/pages/RecordPage.tsx(102,41): error TS2339: Property 'radius' does not exist on type 'DefaultTheme'.
src/pages/RecordPage.tsx(104,33): error TS2339: Property 'accent' does not exist on type 'DefaultTheme'.
src/pages/RecordPage.tsx(110,41): error TS2339: Property 'radius' does not exist on type 'DefaultTheme'.
src/pages/RecordPage.tsx(118,41): error TS2339: Property 'radius' does not exist on type 'DefaultTheme'.
src/pages/RiskPage.tsx(20,35): error TS2339: Property 'spacing' does not exist on type 'DefaultTheme'.
src/pages/RiskPage.tsx(21,39): error TS2339: Property 'spacing' does not exist on type 'DefaultTheme'.
src/pages/RiskPage.tsx(30,35): error TS2339: Property 'text' does not exist on type 'DefaultTheme'.
src/pages/RiskPage.tsx(44,35): error TS2339: Property 'spacing' does not exist on type 'DefaultTheme'.
src/pages/RiskPage.tsx(71,44): error TS2339: Property 'colors' does not exist on type 'DefaultTheme'.
src/pages/RiskPage.tsx(72,47): error TS2339: Property 'colors' does not exist on type 'DefaultTheme'.
src/pages/RiskPage.tsx(73,46): error TS2339: Property 'colors' does not exist on type 'DefaultTheme'.
src/pages/RiskPage.tsx(74,18): error TS2339: Property 'colors' does not exist on type 'DefaultTheme'.
src/pages/RiskPage.tsx(78,44): error TS2339: Property 'colors' does not exist on type 'DefaultTheme'.
src/pages/RiskPage.tsx(79,47): error TS2339: Property 'colors' does not exist on type 'DefaultTheme'.
src/pages/RiskPage.tsx(80,46): error TS2339: Property 'colors' does not exist on type 'DefaultTheme'.
src/pages/RiskPage.tsx(81,18): error TS2339: Property 'colors' does not exist on type 'DefaultTheme'.
src/pages/RiskPage.tsx(86,46): error TS2339: Property 'colors' does not exist on type 'DefaultTheme'.
src/pages/RiskPage.tsx(87,49): error TS2339: Property 'colors' does not exist on type 'DefaultTheme'.
src/pages/RiskPage.tsx(88,48): error TS2339: Property 'colors' does not exist on type 'DefaultTheme'.
src/pages/RiskPage.tsx(89,20): error TS2339: Property 'colors' does not exist on type 'DefaultTheme'.
src/pages/RiskPage.tsx(102,33): error TS2339: Property 'text' does not exist on type 'DefaultTheme'.
src/pages/RiskPage.tsx(108,38): error TS2339: Property 'spacing' does not exist on type 'DefaultTheme'.
src/pages/RiskPage.tsx(125,35): error TS2339: Property 'text' does not exist on type 'DefaultTheme'.
src/pages/RiskPage.tsx(147,33): error TS2339: Property 'text' does not exist on type 'DefaultTheme'.
src/pages/RiskPage.tsx(150,41): error TS2339: Property 'spacing' does not exist on type 'DefaultTheme'.
src/pages/RiskPage.tsx(156,33): error TS2339: Property 'text' does not exist on type 'DefaultTheme'.
src/pages/RiskPage.tsx(161,49): error TS2339: Property 'accent' does not exist on type 'DefaultTheme'.
src/pages/RiskPage.tsx(166,33): error TS2339: Property 'text' does not exist on type 'DefaultTheme'.
src/pages/RiskPage.tsx(297,9): error TS6133: 'symptomCount' is declared but its value is never read.
src/pages/RiskPage.tsx(298,9): error TS6133: 'highDustRecords' is declared but its value is never read.
src/pages/RiskPage.tsx(299,9): error TS6133: 'inhalerUses' is declared but its value is never read.
src/pages/SettingsPage.tsx(18,35): error TS2339: Property 'spacing' does not exist on type 'DefaultTheme'.
src/pages/SettingsPage.tsx(19,39): error TS2339: Property 'spacing' does not exist on type 'DefaultTheme'.
src/pages/SettingsPage.tsx(28,35): error TS2339: Property 'text' does not exist on type 'DefaultTheme'.
src/pages/SettingsPage.tsx(36,33): error TS2339: Property 'text' does not exist on type 'DefaultTheme'.
src/pages/SettingsPage.tsx(39,41): error TS2339: Property 'spacing' does not exist on type 'DefaultTheme'.
src/pages/SettingsPage.tsx(43,35): error TS2339: Property 'spacing' does not exist on type 'DefaultTheme'.
src/pages/SettingsPage.tsx(43,70): error TS2339: Property 'spacing' does not exist on type 'DefaultTheme'.
src/pages/SettingsPage.tsx(49,49): error TS2339: Property 'transition' does not exist on type 'DefaultTheme'.
src/pages/SettingsPage.tsx(59,31): error TS2339: Property 'spacing' does not exist on type 'DefaultTheme'.
src/pages/SettingsPage.tsx(66,41): error TS2339: Property 'radius' does not exist on type 'DefaultTheme'.
src/pages/SettingsPage.tsx(76,33): error TS2339: Property 'text' does not exist on type 'DefaultTheme'.
src/pages/SettingsPage.tsx(81,33): error TS2339: Property 'text' does not exist on type 'DefaultTheme'.
src/pages/SettingsPage.tsx(86,33): error TS2339: Property 'text' does not exist on type 'DefaultTheme'.
src/pages/SettingsPage.tsx(94,35): error TS2339: Property 'spacing' does not exist on type 'DefaultTheme'.
src/pages/SettingsPage.tsx(106,33): error TS2339: Property 'text' does not exist on type 'DefaultTheme'.
src/pages/SettingsPage.tsx(111,33): error TS2339: Property 'text' does not exist on type 'DefaultTheme'.
src/pages/SettingsPage.tsx(117,33): error TS2339: Property 'colors' does not exist on type 'DefaultTheme'.
src/pages/SettingsPage.tsx(121,35): error TS2339: Property 'colors' does not exist on type 'DefaultTheme'.
src/pages/SettingsPage.tsx(128,41): error TS2339: Property 'radius' does not exist on type 'DefaultTheme'.
src/pages/SettingsPage.tsx(129,33): error TS2339: Property 'text' does not exist on type 'DefaultTheme'.
src/pages/SettingsPage.tsx(139,41): error TS2339: Property 'radius' does not exist on type 'DefaultTheme'.
src/pages/SettingsPage.tsx(150,40): error TS2339: Property 'text' does not exist on type 'DefaultTheme'.
src/pages/SettingsPage.tsx(151,58): error TS2339: Property 'text' does not exist on type 'DefaultTheme'.
src/pages/StatusPage.tsx(9,1): error TS6192: All imports in import declaration are unused.
src/pages/StatusPage.tsx(27,35): error TS2339: Property 'spacing' does not exist on type 'DefaultTheme'.
src/pages/StatusPage.tsx(27,70): error TS2339: Property 'spacing' does not exist on type 'DefaultTheme'.
src/pages/StatusPage.tsx(35,33): error TS2339: Property 'text' does not exist on type 'DefaultTheme'.
src/pages/StatusPage.tsx(41,33): error TS2339: Property 'text' does not exist on type 'DefaultTheme'.
src/pages/StatusPage.tsx(44,35): error TS2339: Property 'accent' does not exist on type 'DefaultTheme'.
src/pages/StatusPage.tsx(51,31): error TS2339: Property 'spacing' does not exist on type 'DefaultTheme'.
src/pages/StatusPage.tsx(53,34): error TS2339: Property 'spacing' does not exist on type 'DefaultTheme'.
src/pages/StatusPage.tsx(59,35): error TS2339: Property 'spacing' does not exist on type 'DefaultTheme'.
src/pages/StatusPage.tsx(60,31): error TS2339: Property 'spacing' does not exist on type 'DefaultTheme'.
src/pages/StatusPage.tsx(79,33): error TS2339: Property 'text' does not exist on type 'DefaultTheme'.
src/pages/StatusPage.tsx(86,33): error TS2339: Property 'text' does not exist on type 'DefaultTheme'.
src/pages/StatusPage.tsx(89,41): error TS2339: Property 'spacing' does not exist on type 'DefaultTheme'.
src/pages/StatusPage.tsx(96,41): error TS2339: Property 'spacing' does not exist on type 'DefaultTheme'.
src/pages/StatusPage.tsx(275,21): error TS2769: No overload matches this call.
  The last overload gave the following error.
    Type '{ children: string; size: string; onClick: () => void; }' is not assignable to type 'IntrinsicAttributes & FastOmit<FastOmit<FastOmit<DetailedHTMLProps<ButtonHTMLAttributes<HTMLButtonElement>, HTMLButtonElement>, "$variant" | "$size"> & { ...; }, never> & Partial<...>, "as" | "forwardedAs"> & { ...; }'.
      Property 'size' does not exist on type 'IntrinsicAttributes & FastOmit<FastOmit<FastOmit<DetailedHTMLProps<ButtonHTMLAttributes<HTMLButtonElement>, HTMLButtonElement>, "$variant" | "$size"> & { ...; }, never> & Partial<...>, "as" | "forwardedAs"> & { ...; }'. Did you mean '$size'?
src/styles/GlobalStyle.ts(16,40): error TS2339: Property 'bg' does not exist on type 'DefaultTheme'.
src/styles/GlobalStyle.ts(17,35): error TS2339: Property 'text' does not exist on type 'DefaultTheme'.
src/styles/GlobalStyle.ts(67,43): error TS2339: Property 'radius' does not exist on type 'DefaultTheme'.
src/styles/GlobalStyle.ts(79,64): error TS2339: Property 'accent' does not exist on type 'DefaultTheme'.
src/styles/GlobalStyle.ts(80,48): error TS2339: Property 'accentGlow' does not exist on type 'DefaultTheme'.
src/styles/GlobalStyle.ts(82,50): error TS2339: Property 'transition' does not exist on type 'DefaultTheme'.
src/utils/api.ts(3,1): error TS6133: 'PM_DEFAULT' is declared but its value is never read.
